[michael-vieiras-dandy-project.webflow.io/index.html]
[backblue.gif]
[fade.gif]
[index.html]
[uploads-ssl.webflow.com/60d1713b9689152677abbbf5/css/michael-vieiras-dandy-project.webflow.fa2a72b97.css]
[ajax.googleapis.com/ajax/libs/webfont/1.6.26/webfont.js]
[uploads-ssl.webflow.com/img/webclip.png]
[uploads-ssl.webflow.com/6047999733515e4a9e0e1cc3/604900abca9dde39cf8ec086_notyourbusiness.gif]
[uploads-ssl.webflow.com/60d1713b9689152677abbbf5/60d1713b9689154f7fabbc0a_Slide-1.jpg]
[uploads-ssl.webflow.com/60d1713b9689152677abbbf5/60d1713b9689156cb9abbc08_Slide-2.jpg]
[uploads-ssl.webflow.com/60d1713b9689152677abbbf5/60d1713b9689157a66abbc0b_Slide-3.jpg]
[uploads-ssl.webflow.com/60d1713b9689152677abbbf5/60d1713b96891572bdabbc09_Slide-4.jpg]
[uploads-ssl.webflow.com/60d1713b9689152677abbbf5/60d1713b968915483cabbc0c_Slide-5.jpg]
[uploads-ssl.webflow.com/60d1713b9689152677abbbf5/js/webflow.9bac1d4bb.js]
[d3e54v103j8qbb.cloudfront.net/js/jquery-3.5.1.min.dc5e7f18c845c0.js]
[assets.vibranddesign.com/Scripts/anime.min.js]
[unpkg.com/swiper/swiper-bundle.min.f.delayed]
[michael-vieiras-dandy-project.webflow.io/index.html]
[uploads-ssl.webflow.com/60d1713b9689152677abbbf5/css/michael-vieiras-dandy-project.webflow.fa2a72b97.css]
[assets.vibranddesign.com/wf-components/highlightjs/styles/default.css]
[assets.vibranddesign.com/wf-components/highlightjs/styles/darcula-vibrand.css]
[unpkg.com/swiper@6.7.0/swiper-bundle.min.js]
